MAP
  NAME "world_map"
  STATUS ON
  TRANSPARENT ON
  SIZE 800 600
  EXTENT -20037508.34 -20037508.34 20037508.34 20037508.34
  UNITS METERS
  SHAPEPATH "/srv/nfs/data"
  IMAGECOLOR 255 255 255
  PROJECTION
    "init=epsg:3857"
  END

  WEB
    IMAGEPATH "/tmp/"
    IMAGEURL "/tmp/"
        METADATA
                "ows_enable_request" "*"
                "wms_enable_request" "*"
		"wms_format" "image/png"
    		"wms_transparent" "TRUE"
                "wms_srs" "EPSG:3857"
                "ows_srs" "EPSG:3857"
                "wms_version" "1.1.1"
        END


  END

  OUTPUTFORMAT
    NAME "png"
    DRIVER "AGG/PNG"
    MIMETYPE "image/png"
    IMAGEMODE RGBA
    EXTENSION "png"
    TRANSPARENT ON
  END


  
  LAYER
    NAME "countries"
        PROJECTION
                "init=epsg:4326"
        END

    TYPE POLYGON
    TRANSPARENCY 100
    STATUS ON
    DATA "ne_110m_admin_0_countries"
    CLASS
      STYLE
        COLOR 255 165 0
        OUTLINECOLOR 50 50 50
      END
    END
  END
END